// Jest Snapshot v1, https://goo.gl/fbAQLP

exports[`Index page Index page should be defined 1`] = `
<div>
  <Head>
    <title>
      Home Page
    </title>
    <link
      href="/over_icon.svg"
      rel="icon"
    />
  </Head>
  <Layouts
    router={
      Array [
        "home",
      ]
    }
  >
    <BannerSliderSection />
    <DiscoverMovieSection />
    <HallOfFameSection />
  </Layouts>
</div>
`;
